Script started on Sun 17 May 2015 11:17:05 PM PDT
~
aso001@hammer $ cs100
[0;91m
===============================================================================
|                                                                             |
| You have enabled settings specific for cs100.  Everything you do is being   |
| recorded to measure your progress in the class.                             |
|                                                                             |
| Important commands for the class:                                           |
|   * calcgrade.sh          displays a detailed breakdown of your grade       |
|   * checksyscalls.sh      is your cpp file doing proper error checking?     |
|   * typespeed             practice typing unix commands                     |
|                                                                             |
| Important commands for general C++ programming:                             |
|   * make                  don't call g++ manually; let make do the work!    |
|   * gdb                   the GNU debugger                                  |
|   * valgrind              get rid of your memory leaks                      |
|   * cppcheck              static analysis tool                              |
|   * man                   find help about any syscall / terminal command    |
|                                                                             |
===============================================================================
[0m
[s%%%%%%%%%%[u[0;32maso001[0;36m@[0;32mcs100[0;36m:[0;32m~[0;95m [0;36m$[0m exitgit statusvim Makefile [8Pcd ..valgrind --tool=memcheck rshell[C[C[C[C[C[C[C[C[C[C[C[C[C[C[C[C[Ccd CS100/Assignments/rshell/bin[K[K[K
[s%%%%%%%%%%[u[0;32maso001[0;36m@[0;32mcs100[0;36m:[0;32m~/CS100/Assignments/rshell[0;95m (redirect) [0;36m$[0m rshe[K[K[K[Kbin/rshell
aso001@hammer.cs.ucr.edu $ #testing redirection           input redirection
aso001@hammer.cs.ucr.edu $ ls
[34mbackup[39;49m  [34mbin[39;49m  LICENSE[39;49m  Makefile[39;49m  README.md[39;49m  [34msrc[39;49m  [34mtest[39;49m

aso001@hammer.cs.ucr.edu $ cat<Re=  EADME,md   .md
# RShell

Rshell is a student made program that is meant to behave like a terminal. It is meant to run commands like other terminals and such.

##Installation
$ git clone http://github.com/aso001/rshell.git  
$ cd rshell  
$ git checkout hw0  
$ make  

##Launching
After installation:
$ bin/rshell

##Features
1.Shell (1.50)
* Memory allocation handled before and after execution  
* Prompts for username and hostname if avilable  
* `&&` will execute the next command, if the previous command executes.
* `||` will execute the next command, if the previous command fails to execute.
* `;` will always execute the next command.
* (1.38) Applied student made LS  
* (1.45) Handle redirection and piping  
++Added Error check messages  

2.Ls Command(1.38)  
* '-a': display the all contents of directory 
* '-l': lists out detailed info  
* '-R': does recursive calls  
* (1.45) Add support for file output when piping  

3.Redirection (1.50)  
* input redirection - understands '<<<' case   
* output redirection  - understands '2>' case  
* piping  

## Known Bugs, Issues, Limitations 
-Rshell cannot use 'cd' command  
-Tabs are not treated as spaces and instead are treated as a character.  
-Arrow keys are treated as characters.They will not cycle through previous commands and while move the cursor through the consol.  
-'~' case for ls commands has been implemented but is a bit buggy. Alternative access method at the momement is using: '/home/csmajs/(yourusername)'   
-Clicking on terminal will cause the cause the current line to be overwritten by the ascii value of a mouse button click.  
aso001@hammer.cs.ucr.edu $ # # first inut  put redirection case success f  flu  ul
aso001@hammer.cs.ucr.edu $ <README.md cat
aso001@hammer.cs.ucr.edu $ # direction  bug noted ...
aso001@hammer.cs.ucr.edu $ # # attempt extra credit #1
aso001@hammer.cs.ucr.edu $ cat <<<"Extra credic t rocks"
Extra credit rocks
aso001@hammer.cs.ucr.edu $ cat <<<"Mike you are aws esome: !"
Mike you are awesome!
aso001@hammer.cs.ucr.edu $ echo extra credit rocks | cat
extra credit rocks
aso001@hammer.cs.ucr.edu $ #testing output redirection
aso001@hammer.cs.ucr.edu $ ls > input
aso001@hammer.cs.ucr.edu $ catt  input
backup
bin
input
LICENSE
Makefile
README.md
src
test

aso001@hammer.cs.ucr.edu $ ls -al >inout   put2
aso001@hammer.cs.ucr.edu $ cat ls -al        input2
total 144
drwx------ 7 aso001 csmajs  4096 May 17 23:26 .
drwx------ 3 aso001 csmajs  4096 May 14 22:36 ..
drwx------ 8 aso001 csmajs  4096 May 17 23:09 .git
drwx------ 2 aso001 csmajs  4096 May 16 18:18 backup
drwx------ 2 aso001 csmajs  4096 May 17 22:57 bin
-rw------- 1 aso001 csmajs    54 May 17 23:26 input
-rw------- 1 aso001 csmajs   313 May 17 23:26 input2
-rw------- 1 aso001 csmajs 35142 May 14 22:36 LICENSE
-rw------- 1 aso001 csmajs   676 May 17 22:57 Makefile
-rw------- 1 aso001 csmajs  1605 May 17 22:46 README.md
drwx------ 3 aso001 csmajs  4096 May 17 22:56 src
drwx------ 2 aso001 csmajs  4096 May 17 23:10 test

aso001@hammer.cs.ucr.edu $ ls   > > f input2
aso001@hammer.cs.ucr.edu $ cat input 2  2
total 144
drwx------ 7 aso001 csmajs  4096 May 17 23:26 .
drwx------ 3 aso001 csmajs  4096 May 14 22:36 ..
drwx------ 8 aso001 csmajs  4096 May 17 23:09 .git
drwx------ 2 aso001 csmajs  4096 May 16 18:18 backup
drwx------ 2 aso001 csmajs  4096 May 17 22:57 bin
-rw------- 1 aso001 csmajs    54 May 17 23:26 input
-rw------- 1 aso001 csmajs   313 May 17 23:26 input2
-rw------- 1 aso001 csmajs 35142 May 14 22:36 LICENSE
-rw------- 1 aso001 csmajs   676 May 17 22:57 Makefile
-rw------- 1 aso001 csmajs  1605 May 17 22:46 README.md
drwx------ 3 aso001 csmajs  4096 May 17 22:56 src
drwx------ 2 aso001 csmajs  4096 May 17 23:10 test

aso001@hammer.cs.ucr.edu $ ls >>inout   put2
aso001@hammer.cs.ucr.edu $ cat input  2
total 144
drwx------ 7 aso001 csmajs  4096 May 17 23:26 .
drwx------ 3 aso001 csmajs  4096 May 14 22:36 ..
drwx------ 8 aso001 csmajs  4096 May 17 23:09 .git
drwx------ 2 aso001 csmajs  4096 May 16 18:18 backup
drwx------ 2 aso001 csmajs  4096 May 17 22:57 bin
-rw------- 1 aso001 csmajs    54 May 17 23:26 input
-rw------- 1 aso001 csmajs   313 May 17 23:26 input2
-rw------- 1 aso001 csmajs 35142 May 14 22:36 LICENSE
-rw------- 1 aso001 csmajs   676 May 17 22:57 Makefile
-rw------- 1 aso001 csmajs  1605 May 17 22:46 README.md
drwx------ 3 aso001 csmajs  4096 May 17 22:56 src
drwx------ 2 aso001 csmajs  4096 May 17 23:10 test

>
backup
bin
input
input2
LICENSE
Makefile
README.md
src
test

aso001@hammer.cs.ucr.edu $ cat input| tr a-z A-Z                     #testing pipe
aso001@hammer.cs.ucr.edu $ cat input| tr a-z A-Z|tee dir.txt
BACKUP
BIN
INPUT
LICENSE
MAKEFILE
README.MD
SRC
TEST

aso001@hammer.cs.ucr.edu $ ls
>[39;49m       [34mbin[39;49m      input[39;49m   LICENSE[39;49m   README.md[39;49m  [34mtest[39;49m  
[34mbackup[39;49m  dir.txt[39;49m  input2[39;49m  Makefile[39;49m  [34msrc[39;49m        

aso001@hammer.cs.ucr.edu $ cat dir.txt
BACKUP
BIN
INPUT
LICENSE
MAKEFILE
README.MD
SRC
TEST

aso001@hammer.cs.ucr.edu $ g++ main.     src/main.cpp 2> errors
aso001@hammer.cs.ucr.edu $ ls
>[39;49m       [34mbin[39;49m      errors[39;49m  input2[39;49m   Makefile[39;49m   [34msrc[39;49m   
[34mbackup[39;49m  dir.txt[39;49m  input[39;49m   LICENSE[39;49m  README.md[39;49m  [34mtest[39;49m  

aso001@hammer.cs.ucr.edu $ cat errors
/tmp/ccHRJ1fH.o: In function `main':
main.cpp:(.text+0x30): undefined reference to `prompt(std::string&)'
main.cpp:(.text+0x43): undefined reference to `extract_ls_cmd(std::string&)'
main.cpp:(.text+0x6e): undefined reference to `exec_cmd(std::vector<std::string, std::allocator<std::string> >&)'
collect2: error: ld returned 1 exit status
aso001@hammer.cs.ucr.edu $ #finished piping
aso001@hammer.cs.ucr.edu $ #finished piping for now                d testing for now
aso001@hammer.cs.ucr.edu $ exit
[s%%%%%%%%%%[u[0;32maso001[0;36m@[0;32mcs100[0;36m:[0;32m~/CS100/Assignments/rshell[0;95m (redirect) [0;36m$[0m cd[K[K;s
bash: syntax error near unexpected token `;'
[s%%%%%%%%%%[u[0;32maso001[0;36m@[0;32mcs100[0;36m:[0;32m~/CS100/Assignments/rshell[0;95m (redirect) [0;36m$[0m ls
>	bin	 errors  input2   Makefile   src
backup	dir.txt  input	 LICENSE  README.md  test
[s%%%%%%%%%%[u[0;32maso001[0;36m@[0;32mcs100[0;36m:[0;32m~/CS100/Assignments/rshell[0;95m (redirect) [0;36m$[0m cd test/
[s%%%%%%%%%%[u[0;32maso001[0;36m@[0;32mcs100[0;36m:[0;32m~/CS100/Assignments/rshell/test[0;95m (redirect) [0;36m$[0m ls
exec.script  ls.test  redirect.script
[s%%%%%%%%%%[u[0;32maso001[0;36m@[0;32mcs100[0;36m:[0;32m~/CS100/Assignments/rshell/test[0;95m (redirect) [0;36m$[0m cd[K[Kmc[Kv redirect.script piping.script
[s%%%%%%%%%%[u[0;32maso001[0;36m@[0;32mcs100[0;36m:[0;32m~/CS100/Assignments/rshell/test[0;95m (redirect) [0;36m$[0m ls
exec.script  ls.test  piping.script
[s%%%%%%%%%%[u[0;32maso001[0;36m@[0;32mcs100[0;36m:[0;32m~/CS100/Assignments/rshell/test[0;95m (redirect) [0;36m$[0m git status
# On branch redirect
# Untracked files:
#   (use "git add <file>..." to include in what will be committed)
#
#	[31m../>[m
#	[31m../backup/[m
#	[31m../bin/[m
#	[31m../dir.txt[m
#	[31m../errors[m
#	[31m../input[m
#	[31m../input2[m
#	[31m../src/.redirect.h.swo[m
#	[31m../src/.redirect.h.swp[m
#	[31mpiping.script[m
nothing added to commit but untracked files present (use "git add" to track)
[s%%%%%%%%%%[u[0;32maso001[0;36m@[0;32mcs100[0;36m:[0;32m~/CS100/Assignments/rshell/test[0;95m (redirect) [0;36m$[0m git add piping.script 
[s%%%%%%%%%%[u[0;32maso001[0;36m@[0;32mcs100[0;36m:[0;32m~/CS100/Assignments/rshell/test[0;95m (redirect) [0;36m$[0m git commit -m"a[KAdding a test script"[K for 10[K.50b"
[redirect b28ea21] Adding a test script for 1.50b
 Committer: Andrew So <aso001@hammer.cs.ucr.edu>
Your name and email address were configured automatically based
on your username and hostname. Please check that they are accurate.
You can suppress this message by setting them explicitly:

    git config --global user.name "Your Name"
    git config --global user.email you@example.com

After doing this, you may fix the identity used for this commit with:

    git commit --amend --reset-author

 1 file changed, 0 insertions(+), 0 deletions(-)
 create mode 100644 test/piping.script
[s%%%%%%%%%%[u[0;32maso001[0;36m@[0;32mcs100[0;36m:[0;32m~/CS100/Assignments/rshell/test[0;95m (redirect) [0;36m$[0m git [K[K[K[Kgit tag[K[K[K[K[K[K[Kgit push origin redirect
Username for 'http://github.com': aso001
Password for 'http://aso001@github.com': 
To http://github.com/aso001/rshell.git
 ! [rejected]        redirect -> redirect (fetch first)
error: failed to push some refs to 'http://github.com/aso001/rshell.git'
hint: Updates were rejected because the remote contains work that you do
hint: not have locally. This is usually caused by another repository pushing
hint: to the same ref. You may want to first integrate the remote changes
hint: (e.g., 'git pull ...') before pushing again.
hint: See the 'Note about fast-forwards' in 'git push --help' for details.
[s%%%%%%%%%%[u[0;32maso001[0;36m@[0;32mcs100[0;36m:[0;32m~/CS100/Assignments/rshell/test[0;95m (redirect) [0;36m$[0m git pull
remote: Counting objects: 3, done.[K
remote: Compressing objects:  33% (1/3)   [Kremote: Compressing objects:  66% (2/3)   [Kremote: Compressing objects: 100% (3/3)   [Kremote: Compressing objects: 100% (3/3), done.[K
remote: Total 3 (delta 0), reused 0 (delta 0), pack-reused 0[K
Unpacking objects:  33% (1/3)   Unpacking objects:  66% (2/3)   Unpacking objects: 100% (3/3)   Unpacking objects: 100% (3/3), done.
From http://github.com/aso001/rshell
   5752e0b..b5b1b85  redirect   -> origin/redirect
[?1000h7[?47h[?1h=[1;42r[m[37m[40m[1m[H[2J[42;1H".git/MERGE_MSG" 7L, 300C[>c[1;1H[1m[33m  1 [m[37m[40m[1mMerge branch [1m[35m'redirect'[m[37m[40m[1m of http://github.com/aso001/rshell into redirect
[1m[33m  2 
  3 [m[37m[40m[1m[1m[36m# Please enter a commit message to explain why this merge is necessary,[m[37m[40m[1m
[1m[33m  4 [m[37m[40m[1m[1m[36m# especially if it merges an updated upstream into a topic branch.[m[37m[40m[1m
[1m[33m  5 [m[37m[40m[1m[1m[36m#[m[37m[40m[1m
[1m[33m  6 [m[37m[40m[1m[1m[36m# Lines starting with '#' will be ignored, and an empty message aborts[m[37m[40m[1m
[1m[33m  7 [m[37m[40m[1m[1m[36m# the commit.[m[37m[40m[1m
[1m[34m~                                                                               [9;1H~                                                                               [10;1H~                                                                               [11;1H~                                                                               [12;1H~                                                                               [13;1H~                                                                               [14;1H~                                                                               [15;1H~                                                                               [16;1H~                                                                               [17;1H~                                                                               [18;1H~                                                                               [19;1H~                                                                               [20;1H~                                                                               [21;1H~                                                                               [22;1H~                                                                               [23;1H~                                                                               [24;1H~                                                                               [25;1H~                                                                               [26;1H~                                                                               [27;1H~                                                                               [28;1H~                                                                               [29;1H~                                                                               [30;1H~                                                                               [31;1H~                                                                               [32;1H~                                                                               [33;1H~                                                                               [34;1H~                                                                               [35;1H~                                                                               [36;1H~                                                                               [37;1H~                                                                               [38;1H~                                                                               [39;1H~                                                                               [40;1H~                                                                               [41;1H~                                                                               [m[37m[40m[1m[42;63H1,1[11CAll[1;5H[?1000l[?1002hP+q436f\P+q6b75\P+q6b64\P+q6b72\P+q6b6c\P+q2332\P+q2334\P+q2569\P+q2a37\P+q6b31\[42;53H:[1;5H[42;1H[K[42;1H:q[?1002l[42;1H[K[42;1H[?1l>[2J[?47l8Merge made by the 'recursive' strategy.
 README.md | 1 [32m+[m
 1 file changed, 1 insertion(+)
[s%%%%%%%%%%[u[0;32maso001[0;36m@[0;32mcs100[0;36m:[0;32m~/CS100/Assignments/rshell/test[0;95m (redirect) [0;36m$[0m git pullsh origin redirect
Username for 'http://github.com': aso001
Password for 'http://aso001@github.com': 
Counting objects: 9, done.
Compressing objects:  20% (1/5)   Compressing objects:  40% (2/5)   Compressing objects:  60% (3/5)   Compressing objects:  80% (4/5)   Compressing objects: 100% (5/5)   Compressing objects: 100% (5/5), done.
Writing objects:  16% (1/6)   Writing objects:  33% (2/6)   Writing objects:  50% (3/6)   Writing objects:  66% (4/6)   Writing objects:  83% (5/6)   Writing objects: 100% (6/6)   Writing objects: 100% (6/6), 664 bytes | 0 bytes/s, done.
Total 6 (delta 2), reused 0 (delta 0)
To http://github.com/aso001/rshell.git
   b5b1b85..59a3da2  redirect -> redirect
[s%%%%%%%%%%[u[0;32maso001[0;36m@[0;32mcs100[0;36m:[0;32m~/CS100/Assignments/rshell/test[0;95m (redirect) [0;36m$[0m git tag hw2
[s%%%%%%%%%%[u[0;32maso001[0;36m@[0;32mcs100[0;36m:[0;32m~/CS100/Assignments/rshell/test[0;95m (redirect) [0;36m$[0m git -t[K-tag
Unknown option: --tag
usage: git [--version] [--help] [-c name=value]
           [--exec-path[=<path>]] [--html-path] [--man-path] [--info-path]
           [-p|--paginate|--no-pager] [--no-replace-objects] [--bare]
           [--git-dir=<path>] [--work-tree=<path>] [--namespace=<name>]
           <command> [<args>]
[s%%%%%%%%%%[u[0;32maso001[0;36m@[0;32mcs100[0;36m:[0;32m~/CS100/Assignments/rshell/test[0;95m (redirect) [0;36m$[0m git tag
hw0
hw1
hw2
[s%%%%%%%%%%[u[0;32maso001[0;36m@[0;32mcs100[0;36m:[0;32m~/CS100/Assignments/rshell/test[0;95m (redirect) [0;36m$[0m git push git[K[K[K--tags
Username for 'http://github.com': aso001
Password for 'http://aso001@github.com': 
remote: Invalid username or password.
fatal: Authentication failed for 'http://github.com/aso001/rshell.git/'
[s%%%%%%%%%%[u[0;32maso001[0;36m@[0;32mcs100[0;36m:[0;32m~/CS100/Assignments/rshell/test[0;95m (redirect) [0;36m$[0m git push --tags
Username for 'http://github.com': aso001
Password for 'http://aso001@github.com': 
Counting objects: 56, done.
Compressing objects:   2% (1/46)   Compressing objects:   4% (2/46)   Compressing objects:   6% (3/46)   Compressing objects:   8% (4/46)   Compressing objects:  10% (5/46)   Compressing objects:  13% (6/46)   Compressing objects:  15% (7/46)   Compressing objects:  17% (8/46)   Compressing objects:  19% (9/46)   Compressing objects:  21% (10/46)   Compressing objects:  23% (11/46)   Compressing objects:  26% (12/46)   Compressing objects:  28% (13/46)   Compressing objects:  30% (14/46)   Compressing objects:  32% (15/46)   Compressing objects:  34% (16/46)   Compressing objects:  36% (17/46)   Compressing objects:  39% (18/46)   Compressing objects:  41% (19/46)   Compressing objects:  43% (20/46)   Compressing objects:  45% (21/46)   Compressing objects:  47% (22/46)   Compressing objects:  50% (23/46)   Compressing objects:  52% (24/46)   Compressing objects:  54% (25/46)   Compressing objects:  56% (26/46)   Compressing objects:  58% (27/46)   Compressing objects:  60% (28/46)   Compressing objects:  63% (29/46)   Compressing objects:  65% (30/46)   Compressing objects:  67% (31/46)   Compressing objects:  69% (32/46)   Compressing objects:  71% (33/46)   Compressing objects:  73% (34/46)   Compressing objects:  76% (35/46)   Compressing objects:  78% (36/46)   Compressing objects:  80% (37/46)   Compressing objects:  82% (38/46)   Compressing objects:  84% (39/46)   Compressing objects:  86% (40/46)   Compressing objects:  89% (41/46)   Compressing objects:  91% (42/46)   Compressing objects:  93% (43/46)   Compressing objects:  95% (44/46)   Compressing objects:  97% (45/46)   Compressing objects: 100% (46/46)   Compressing objects: 100% (46/46), done.
Writing objects:   2% (1/47)   Writing objects:   4% (2/47)   Writing objects:   6% (3/47)   Writing objects:   8% (4/47)   Writing objects:  10% (5/47)   Writing objects:  12% (6/47)   Writing objects:  14% (7/47)   Writing objects:  17% (8/47)   Writing objects:  19% (9/47)   Writing objects:  21% (10/47)   Writing objects:  23% (11/47)   Writing objects:  25% (12/47)   Writing objects:  27% (13/47)   Writing objects:  29% (14/47)   Writing objects:  34% (16/47)   Writing objects:  36% (17/47)   Writing objects:  38% (18/47)   Writing objects:  40% (19/47)   Writing objects:  42% (20/47)   Writing objects:  44% (21/47)   Writing objects:  46% (22/47)   Writing objects:  48% (23/47)   Writing objects:  51% (24/47)   Writing objects:  53% (25/47)   Writing objects:  55% (26/47)   Writing objects:  57% (27/47)   Writing objects:  59% (28/47)   Writing objects:  61% (29/47)   Writing objects:  63% (30/47)   Writing objects:  65% (31/47)   Writing objects:  68% (32/47)   Writing objects:  70% (33/47)   Writing objects:  72% (34/47)   Writing objects:  74% (35/47)   Writing objects:  76% (36/47)   Writing objects:  78% (37/47)   Writing objects:  80% (38/47)   Writing objects:  82% (39/47)   Writing objects:  85% (40/47)   Writing objects:  87% (41/47)   Writing objects:  89% (42/47)   Writing objects:  91% (43/47)   Writing objects:  93% (44/47)   Writing objects:  95% (45/47)   Writing objects:  97% (46/47)   Writing objects: 100% (47/47)   Writing objects: 100% (47/47), 16.83 KiB | 0 bytes/s, done.
Total 47 (delta 23), reused 0 (delta 0)
To http://github.com/aso001/rshell.git
 * [new tag]         hw2 -> hw2
[s%%%%%%%%%%[u[0;32maso001[0;36m@[0;32mcs100[0;36m:[0;32m~/CS100/Assignments/rshell/test[0;95m (redirect) [0;36m$[0m cd ..
[s%%%%%%%%%%[u[0;32maso001[0;36m@[0;32mcs100[0;36m:[0;32m~/CS100/Assignments/rshell[0;95m (redirect) [0;36m$[0m cd ..
[s%%%%%%%%%%[u[0;32maso001[0;36m@[0;32mcs100[0;36m:[0;32m~/CS100/Assignments[0;95m [0;36m$[0m cd.[K ..
[s%%%%%%%%%%[u[0;32maso001[0;36m@[0;32mcs100[0;36m:[0;32m~/CS100[0;95m [0;36m$[0m cd ..
[s%%%%%%%%%%[u[0;32maso001[0;36m@[0;32mcs100[0;36m:[0;32m~[0;95m [0;36m$[0m cd Desktop/
[s%%%%%%%%%%[u[0;32maso001[0;36m@[0;32mcs100[0;36m:[0;32m~/Desktop[0;95m [0;36m$[0m git [K[K[K[Kls
a.out	   help    prim    rshell  scores	 WORK
file1.txt  mv.cpp  rm.cpp  score   twopipes.cpp  write
[s%%%%%%%%%%[u[0;32maso001[0;36m@[0;32mcs100[0;36m:[0;32m~/Desktop[0;95m [0;36m$[0m mdk[K[Kkdit[Kt test
bash: mkdit: command not found
[s%%%%%%%%%%[u[0;32maso001[0;36m@[0;32mcs100[0;36m:[0;32m~/Desktop[0;95m [0;36m$[0m mkdit testls[Kmkdit test[4hr[4l[1P test
[s%%%%%%%%%%[u[0;32maso001[0;36m@[0;32mcs100[0;36m:[0;32m~/Desktop[0;95m [0;36m$[0m exit
exit
~
aso001@hammer $ exit
exit

Script done on Mon 18 May 2015 12:12:43 AM PDT
